MPLINK 5.09, LINKER
Linker Map File - Created Fri Nov  1 17:50:37 2019

                                 Section Info
                  Section       Type    Address   Location Size(Bytes)
                ---------  ---------  ---------  ---------  ---------
                   .org_0       code   0x000000    program   0x000000
                   .org_1       code   0x000000    program   0x000006
                   .org_2       code   0x000008    program   0x000004
                   .org_3       code   0x000018    program   0x000032
.config_300000_/USERS/RIOMCMAHON/GRAD/FALL2019/    romdata   0x300000    program   0x000001
.config_300001_/USERS/RIOMCMAHON/GRAD/FALL2019/    romdata   0x300001    program   0x000001
.config_300002_/USERS/RIOMCMAHON/GRAD/FALL2019/    romdata   0x300002    program   0x000001
.config_300003_/USERS/RIOMCMAHON/GRAD/FALL2019/    romdata   0x300003    program   0x000001
.config_300005_/USERS/RIOMCMAHON/GRAD/FALL2019/    romdata   0x300005    program   0x000001
.config_300006_/USERS/RIOMCMAHON/GRAD/FALL2019/    romdata   0x300006    program   0x000001
.config_300008_/USERS/RIOMCMAHON/GRAD/FALL2019/    romdata   0x300008    program   0x000001
.config_300009_/USERS/RIOMCMAHON/GRAD/FALL2019/    romdata   0x300009    program   0x000001
.config_30000A_/USERS/RIOMCMAHON/GRAD/FALL2019/    romdata   0x30000a    program   0x000001
.config_30000B_/USERS/RIOMCMAHON/GRAD/FALL2019/    romdata   0x30000b    program   0x000001
.config_30000C_/USERS/RIOMCMAHON/GRAD/FALL2019/    romdata   0x30000c    program   0x000001
.config_30000D_/USERS/RIOMCMAHON/GRAD/FALL2019/    romdata   0x30000d    program   0x000001



                              Program Memory Usage 
                               Start         End      
                           ---------   ---------      
                            0x000000    0x000005      
                            0x000008    0x00000b      
                            0x000018    0x000049      
                            0x300000    0x300003      
                            0x300005    0x300006      
                            0x300008    0x30000d      
            72 out of 33048 program addresses used, program memory utilization is 0%



                              Symbols - Sorted by Name
                     Name    Address   Location    Storage File                     
                ---------  ---------  ---------  --------- ---------                
                  Initial   0x000026    program     static /Users/riomcmahon/Grad/Fall2019/ASEN_5519/Final Project/MPLAB_Project/UBW_Test.X/Hello_world.asm
                     Loop   0x00001e    program     static /Users/riomcmahon/Grad/Fall2019/ASEN_5519/Final Project/MPLAB_Project/UBW_Test.X/Hello_world.asm
                 MAINLINE   0x00001c    program     static /Users/riomcmahon/Grad/Fall2019/ASEN_5519/Final Project/MPLAB_Project/UBW_Test.X/Hello_world.asm
                TimerLoop   0x00002e    program     static /Users/riomcmahon/Grad/Fall2019/ASEN_5519/Final Project/MPLAB_Project/UBW_Test.X/Hello_world.asm
                   Wait1s   0x000038    program     static /Users/riomcmahon/Grad/Fall2019/ASEN_5519/Final Project/MPLAB_Project/UBW_Test.X/Hello_world.asm



                              Symbols - Sorted by Address
                     Name    Address   Location    Storage File                     
                ---------  ---------  ---------  --------- ---------                
                 MAINLINE   0x00001c    program     static /Users/riomcmahon/Grad/Fall2019/ASEN_5519/Final Project/MPLAB_Project/UBW_Test.X/Hello_world.asm
                     Loop   0x00001e    program     static /Users/riomcmahon/Grad/Fall2019/ASEN_5519/Final Project/MPLAB_Project/UBW_Test.X/Hello_world.asm
                  Initial   0x000026    program     static /Users/riomcmahon/Grad/Fall2019/ASEN_5519/Final Project/MPLAB_Project/UBW_Test.X/Hello_world.asm
                TimerLoop   0x00002e    program     static /Users/riomcmahon/Grad/Fall2019/ASEN_5519/Final Project/MPLAB_Project/UBW_Test.X/Hello_world.asm
                   Wait1s   0x000038    program     static /Users/riomcmahon/Grad/Fall2019/ASEN_5519/Final Project/MPLAB_Project/UBW_Test.X/Hello_world.asm


